{
  "pass": 163,
  "fail": 14,
  "other": 1,
  "total_scored": 177,
  "score": 92.09,
  "min_score": 90.0,
  "meets_floor": true,
  "gate_pass": true,
  "enforce": true,
  "failures": [
    "account_disable_post_pw_expiration",
    "accounts_password_pam_pwhistory_enabled",
    "accounts_password_pam_pwhistory_enforce_root",
    "accounts_password_pam_pwhistory_remember",
    "accounts_password_pam_pwhistory_use_authtok",
    "accounts_passwords_pam_faillock_deny",
    "accounts_passwords_pam_faillock_enabled",
    "accounts_passwords_pam_faillock_unlock_time",
    "ensure_pam_wheel_group_empty",
    "file_permissions_ungroupowned",
    "package_pam_modules_installed",
    "package_pam_runtime_installed",
    "set_password_hashing_algorithm_logindefs",
    "use_pam_wheel_group_for_su"
  ],
  "regressions": [],
  "baseline": null,
  "openscap_line": "OpenSCAP: pass=163 fail=14 score=92.1% (target 90%)"
}
